// Jest Snapshot v1, https://goo.gl/fbAQLP

exports[`Footer Component should not render the footer when the pathname is in hideHeaderRoutes 1`] = `<DocumentFragment />`;

exports[`Footer Component should render the company links 1`] = `
<DocumentFragment>
  <footer
    class="bg-dark"
    role="contentinfo"
  >
    <div
      class="container mx-auto w-full py-[50px] px-10 md:px-0 space-y-12"
    >
      <section
        class="grid gap-10 grid-cols-1 md:grid-cols-[3fr_2fr_2fr_1fr] text-white text-center md:text-start"
      >
        <div
          class="space-y-6 flex flex-col items-center md:items-start md:pr-40"
        >
          <div />
          <p
            class="font-light text-sm"
          >
            DataRace is an innovative platform designed to bring data scientists and AI enthusiasts together to compete in data-driven challenges.
          </p>
        </div>
        <div
          class="space-y-6"
        >
          <h2
            class="font-semibold"
          >
            Company
          </h2>
          <ul
            class="text-sm font-light space-y-4"
          >
            <li>
              <a
                class="hover:text-primary"
                href="/about-us"
              >
                About
              </a>
            </li>
            <li>
              <a
                class="hover:text-primary"
                href="/faq"
              >
                FAQ
              </a>
            </li>
            <li>
              <a
                class="hover:text-primary"
                href="#"
              >
                Terms and privacy policy
              </a>
            </li>
          </ul>
        </div>
        <div
          class="space-y-6"
        >
          <h2
            class="font-semibold"
          >
            Races
          </h2>
          <ul
            class="text-sm font-light space-y-4"
          >
            <li>
              <a
                class="hover:text-primary"
                href="/races"
              >
                Active races
              </a>
            </li>
            <li>
              <a
                class="hover:text-primary"
                href="/courses"
              >
                Courses
              </a>
            </li>
            <li>
              <a
                class="hover:text-primary"
                href="#"
              >
                Proqram təminatı mühəndisliyi
              </a>
            </li>
          </ul>
        </div>
        <div
          class="space-y-6"
        >
          <h2
            class="font-semibold"
          >
            Contact us
          </h2>
          <ul
            class="text-sm font-light space-y-4"
          >
            <li>
              <a
                class="hover:text-primary"
                href="#"
              >
                Email
              </a>
            </li>
            <li>
              <a
                class="hover:text-primary"
                href="#"
              >
                Phone
              </a>
            </li>
            <li>
              <a
                class="hover:text-primary"
                href="#"
              >
                Address
              </a>
            </li>
          </ul>
        </div>
      </section>
      <section
        class="flex flex-col items-center gap-10 md:flex-row md:justify-between"
      >
        <span
          class="text-gray-400"
        >
          DataRace
        </span>
        <div
          class="flex space-x-5 justify-center"
        >
          <a
            class="text-gray-400 hover:text-gray-900 dark:hover:text-white"
            href="#"
          >
            <div />
            <span
              aria-label="Instagram page"
              class="sr-only"
            >
              Instagram page
            </span>
          </a>
          <a
            class="text-gray-400 hover:text-gray-900 dark:hover:text-white"
            href="#"
          >
            <div />
            <span
              aria-label="Twitter page"
              class="sr-only"
            >
              Twitter page
            </span>
          </a>
          <a
            class="text-gray-400 hover:text-gray-900 dark:hover:text-white"
            href="#"
          >
            <div />
            <span
              aria-label="YouTube page"
              class="sr-only"
            >
              YouTube page
            </span>
          </a>
          <a
            class="text-gray-400 hover:text-gray-900 dark:hover:text-white"
            href="#"
          >
            <div />
            <span
              aria-label="LinkedIn page"
              class="sr-only"
            >
              LinkedIn page
            </span>
          </a>
        </div>
      </section>
    </div>
  </footer>
</DocumentFragment>
`;

exports[`Footer Component should render the footer when the pathname is not in hideHeaderRoutes 1`] = `
<DocumentFragment>
  <footer
    class="bg-dark"
    role="contentinfo"
  >
    <div
      class="container mx-auto w-full py-[50px] px-10 md:px-0 space-y-12"
    >
      <section
        class="grid gap-10 grid-cols-1 md:grid-cols-[3fr_2fr_2fr_1fr] text-white text-center md:text-start"
      >
        <div
          class="space-y-6 flex flex-col items-center md:items-start md:pr-40"
        >
          <div />
          <p
            class="font-light text-sm"
          >
            DataRace is an innovative platform designed to bring data scientists and AI enthusiasts together to compete in data-driven challenges.
          </p>
        </div>
        <div
          class="space-y-6"
        >
          <h2
            class="font-semibold"
          >
            Company
          </h2>
          <ul
            class="text-sm font-light space-y-4"
          >
            <li>
              <a
                class="hover:text-primary"
                href="/about-us"
              >
                About
              </a>
            </li>
            <li>
              <a
                class="hover:text-primary"
                href="/faq"
              >
                FAQ
              </a>
            </li>
            <li>
              <a
                class="hover:text-primary"
                href="#"
              >
                Terms and privacy policy
              </a>
            </li>
          </ul>
        </div>
        <div
          class="space-y-6"
        >
          <h2
            class="font-semibold"
          >
            Races
          </h2>
          <ul
            class="text-sm font-light space-y-4"
          >
            <li>
              <a
                class="hover:text-primary"
                href="/races"
              >
                Active races
              </a>
            </li>
            <li>
              <a
                class="hover:text-primary"
                href="/courses"
              >
                Courses
              </a>
            </li>
            <li>
              <a
                class="hover:text-primary"
                href="#"
              >
                Proqram təminatı mühəndisliyi
              </a>
            </li>
          </ul>
        </div>
        <div
          class="space-y-6"
        >
          <h2
            class="font-semibold"
          >
            Contact us
          </h2>
          <ul
            class="text-sm font-light space-y-4"
          >
            <li>
              <a
                class="hover:text-primary"
                href="#"
              >
                Email
              </a>
            </li>
            <li>
              <a
                class="hover:text-primary"
                href="#"
              >
                Phone
              </a>
            </li>
            <li>
              <a
                class="hover:text-primary"
                href="#"
              >
                Address
              </a>
            </li>
          </ul>
        </div>
      </section>
      <section
        class="flex flex-col items-center gap-10 md:flex-row md:justify-between"
      >
        <span
          class="text-gray-400"
        >
          DataRace
        </span>
        <div
          class="flex space-x-5 justify-center"
        >
          <a
            class="text-gray-400 hover:text-gray-900 dark:hover:text-white"
            href="#"
          >
            <div />
            <span
              aria-label="Instagram page"
              class="sr-only"
            >
              Instagram page
            </span>
          </a>
          <a
            class="text-gray-400 hover:text-gray-900 dark:hover:text-white"
            href="#"
          >
            <div />
            <span
              aria-label="Twitter page"
              class="sr-only"
            >
              Twitter page
            </span>
          </a>
          <a
            class="text-gray-400 hover:text-gray-900 dark:hover:text-white"
            href="#"
          >
            <div />
            <span
              aria-label="YouTube page"
              class="sr-only"
            >
              YouTube page
            </span>
          </a>
          <a
            class="text-gray-400 hover:text-gray-900 dark:hover:text-white"
            href="#"
          >
            <div />
            <span
              aria-label="LinkedIn page"
              class="sr-only"
            >
              LinkedIn page
            </span>
          </a>
        </div>
      </section>
    </div>
  </footer>
</DocumentFragment>
`;

exports[`Footer Component should render the social media icons 1`] = `[Function]`;
